<?xml version="1.0" encoding="UTF-8"?>
<testsuites name="jest tests" tests="2" failures="0" time="3.267">
  <testsuite name="undefined" errors="0" failures="0" skipped="0" timestamp="2020-12-08T06:19:55" time="2.419" tests="2">
    <testcase classname=" App renders correctly" name=" App renders correctly" time="0.021">
    </testcase>
    <testcase classname=" Switching between slides works as expected" name=" Switching between slides works as expected" time="0.035">
    </testcase>
  </testsuite>
</testsuites>